*** Using Compiler 'V5.06 update 7 (build 960)', folder: 'D:\Keil_v5\ARM\ARMCC\Bin'
Build target '09_Key_Led_Bridge_Pattern'
assembling startup_stm32f411xe.s...
compiling freertos.c...
compiling stm32f4xx_hal_msp.c...
compiling stm32f4xx_hal_timebase_tim.c...
compiling main.c...
compiling stm32f4xx_it.c...
compiling gpio.c...
compiling usart.c...
compiling stm32f4xx_hal_tim.c...
compiling stm32f4xx_hal_flash_ramfunc.c...
compiling stm32f4xx_hal_flash.c...
compiling stm32f4xx_hal_gpio.c...
compiling stm32f4xx_hal_rcc_ex.c...
compiling stm32f4xx_hal_flash_ex.c...
compiling stm32f4xx_hal_rcc.c...
compiling stm32f4xx_hal_tim_ex.c...
compiling stm32f4xx_hal_dma_ex.c...
compiling stm32f4xx_hal_cortex.c...
compiling stm32f4xx_hal_exti.c...
compiling system_stm32f4xx.c...
compiling stm32f4xx_hal_pwr_ex.c...
compiling stm32f4xx_hal_pwr.c...
compiling stm32f4xx_hal.c...
compiling stm32f4xx_hal_dma.c...
compiling croutine.c...
compiling list.c...
compiling event_groups.c...
compiling stm32f4xx_hal_uart.c...
compiling timers.c...
compiling stream_buffer.c...
compiling queue.c...
compiling heap_4.c...
compiling port.c...
compiling tasks.c...
compiling cmsis_os2.c...
linking...
Program Size: Code=11228 RO-data=512 RW-data=148 ZI-data=20420  
FromELF: creating hex file...
"09_Key_Led_Bridge_Pattern\09_Key_Led_Bridge_Pattern.axf" - 0 Error(s), 0 Warning(s).
Build Time Elapsed:  00:00:09
